\BOOKMARK [1][-]{Doc-Start}{\376\377\000T\000\323\000M\000\040\000T\036\256\000T}{}% 1
\BOOKMARK [1][-]{section.1}{\376\377\000G\000I\036\332\000I\000\040\000T\000H\000I\036\306\000U\000\040\000V\000\300\000\040\000C\001\240\000\040\000S\036\336\000\040\000N\000G\000H\000I\000\312\000N\000\040\000C\036\350\000U}{}% 2
\BOOKMARK [2][-]{subsection.1.1}{\376\377\000B\036\321\000i\000\040\000c\036\243\000n\000h\000\040\000v\000\340\000\040\000b\000\340\000i\000\040\000t\000o\000\341\000n}{section.1}% 3
\BOOKMARK [2][-]{subsection.1.2}{\376\377\000M\036\345\000c\000\040\000t\000i\000\352\000u\000\040\000v\000\340\000\040\000p\000h\036\241\000m\000\040\000v\000i}{section.1}% 4
\BOOKMARK [2][-]{subsection.1.3}{\376\377\000D\036\313\000c\000h\000\040\000m\000\341\000y\000\040\001\021\036\323\000n\000g\000\040\000t\000h\036\335\000i\000\040\000v\000\340\000\040\001\021\000\341\000n\000h\000\040\001\021\036\325\000i\000\040\000c\000h\036\245\000t\000\040\000l\001\260\036\343\000n\000g\040\023\001\021\036\331\000\040\000t\000r\036\305}{section.1}% 5
\BOOKMARK [2][-]{subsection.1.4}{\376\377\000C\000\342\000u\000\040\000h\036\317\000i\000\040\000n\000g\000h\000i\000\352\000n\000\040\000c\036\351\000u}{section.1}% 6
\BOOKMARK [2][-]{subsection.1.5}{\376\377\001\020\000\363\000n\000g\000\040\000g\000\363\000p\000\040\000c\000h\000\355\000n\000h}{section.1}% 7
\BOOKMARK [1][-]{section.2}{\376\377\000K\000I\036\276\000N\000\040\000T\000R\000\332\000C\000\040\000H\036\306\000\040\000T\000H\036\320\000N\000G\000\040\000V\000\300\000\040\000T\000H\000I\036\276\000T\000\040\000K\036\276\000\040\000T\000H\036\360\000C\000\040\000N\000G\000H\000I\036\306\000M}{}% 8
\BOOKMARK [2][-]{subsection.2.1}{\376\377\000T\036\325\000n\000g\000\040\000q\000u\000a\000n\000\040\000T\000i\000m\000e\000l\000y\000M\000T}{section.2}% 9
\BOOKMARK [2][-]{subsection.2.2}{\376\377\000T\000r\000a\000n\000s\000l\000a\000t\000o\000r\000\040\000v\000\340\000\040\000p\000o\000l\000i\000c\000y\000\040\000t\000h\036\335\000i\000\040\001\021\000i\036\303\000m}{section.2}% 10
\BOOKMARK [2][-]{subsection.2.3}{\376\377\000W\000A\000I\000T\000,\000\040\000L\000I\000S\000T\000E\000N\000\040\000v\000\340\000\040\000C\000O\000M\000M\000I\000T}{section.2}% 11
\BOOKMARK [2][-]{subsection.2.4}{\376\377\000D\036\357\000\040\000l\000i\036\307\000u\000\040\000T\000R\000A\000I\000N\000/\000D\000E\000V\000/\000T\000E\000S\000T}{section.2}% 12
\BOOKMARK [2][-]{subsection.2.5}{\376\377\000N\000g\000u\000y\000\352\000n\000\040\000t\036\257\000c\000\040\000n\000h\000\342\000n\000\040\000q\000u\036\243\000\040\000v\000\340\000\040\000k\000i\036\303\000m\000\040\000s\000o\000\341\000t\000\040\000r\000\362\000\040\000r\036\311}{section.2}% 13
\BOOKMARK [2][-]{subsection.2.6}{\376\377\001\020\000i\036\301\000u\000\040\000k\000i\036\307\000n\000\040\000h\036\343\000p\000\040\000l\036\307\000\040\000c\036\347\000a\000\040\000p\000r\000e\000p\000a\000r\000e\000d\000\040\000c\000o\000n\000t\000e\000x\000t}{section.2}% 14
\BOOKMARK [1][-]{section.3}{\376\377\000Q\000U\000\301\000\040\000T\000R\000\314\000N\000H\000\040\000P\000H\000\301\000T\000\040\000T\000R\000I\036\302\000N\000\040\000P\000O\000L\000I\000C\000Y}{}% 15
\BOOKMARK [2][-]{subsection.3.1}{\376\377\000V\0001\000\040\040\023\000\040\000b\000a\000s\000e\000l\000i\000n\000e\000\040\000t\000h\000e\000o\000\040\000n\000g\000u\000y\000\352\000n\000\040\000t\036\257\000c\000\040\000n\000h\000\342\000n\000\040\000q\000u\036\243}{section.3}% 16
\BOOKMARK [2][-]{subsection.3.2}{\376\377\000V\0002\000\040\040\023\000\040\000p\000o\000l\000i\000c\000y\000\040\000n\000g\036\357\000\040\000n\000g\000h\001\051\000a}{section.3}% 17
\BOOKMARK [2][-]{subsection.3.3}{\376\377\000P\0000\000,\000\040\000P\0001\000\040\000v\000\340\000\040\000P\0002}{section.3}% 18
\BOOKMARK [2][-]{subsection.3.4}{\376\377\000K\036\277\000t\000\040\000q\000u\036\243\000\040\000v\000\340\000\040\000g\000i\036\333\000i\000\040\000h\036\241\000n\000\040\000c\036\347\000a\000\040\000V\0002}{section.3}% 19
\BOOKMARK [1][-]{section.4}{\376\377\000P\000R\000E\000P\000A\000R\000E\000D\000\040\000C\000O\000N\000T\000E\000X\000T\000\040\000V\000\300\000\040\000P\0003\000\137\000G\000L\000O\000B\000A\000L}{}% 20
\BOOKMARK [2][-]{subsection.4.1}{\376\377\000G\000i\036\243\000\040\000t\000h\000u\000y\036\277\000t\000\040\000p\000r\000e\000p\000a\000r\000e\000d\000\040\000c\000o\000n\000t\000e\000x\000t}{section.4}% 21
\BOOKMARK [2][-]{subsection.4.2}{\376\377\000p\000r\000e\000p\000a\000r\000e\000d\000-\000g\000l\000o\000b\000a\000l\000-\000v\0000}{section.4}% 22
\BOOKMARK [2][-]{subsection.4.3}{\376\377\000P\000h\036\241\000m\000\040\000v\000i\000\040\000c\000o\000r\000p\000u\000s\000\040\000p\000r\000e\000p\000a\000r\000e\000d\000\040\000c\000o\000n\000t\000e\000x\000t}{section.4}% 23
\BOOKMARK [2][-]{subsection.4.4}{\376\377\000K\000i\036\277\000n\000\040\000t\000r\000\372\000c\000\040\000P\0003\000\137\000G\000L\000O\000B\000A\000L}{section.4}% 24
\BOOKMARK [2][-]{subsection.4.5}{\376\377\000H\000u\036\245\000n\000\040\000l\000u\000y\036\307\000n\000\040\000v\000\340\000\040\000c\000h\000e\000c\000k\000p\000o\000i\000n\000t}{section.4}% 25
\BOOKMARK [1][-]{section.5}{\376\377\000K\036\276\000T\000\040\000Q\000U\036\242\000\040\000T\000H\036\360\000C\000\040\000N\000G\000H\000I\036\306\000M}{}% 26
\BOOKMARK [2][-]{subsection.5.1}{\376\377\000M\000e\000t\000r\000i\000c\000s}{section.5}% 27
\BOOKMARK [2][-]{subsection.5.2}{\376\377\000K\036\277\000t\000\040\000q\000u\036\243\000\040\000P\0003\000\137\000G\000L\000O\000B\000A\000L}{section.5}% 28
\BOOKMARK [2][-]{subsection.5.3}{\376\377\000S\000o\000\040\000s\000\341\000n\000h\000\040\000m\000\364\000\040\000t\036\243\000\040\000P\0003\000\040\000v\000\340\000\040\000P\0002}{section.5}% 29
\BOOKMARK [2][-]{subsection.5.4}{\376\377\000V\000\354\000\040\000s\000a\000o\000\040\000P\0003\040\023\000P\0002\000\040\000k\000h\000\364\000n\000g\000\040\000p\000h\036\243\000i\000\040\000s\000o\000\040\000s\000\341\000n\000h\000\040\000n\000h\000\342\000n\000\040\000q\000u\036\243}{section.5}% 30
\BOOKMARK [2][-]{subsection.5.5}{\376\377\001\020\000\341\000n\000h\000\040\000g\000i\000\341\000\040\000c\000u\036\321\000i\000\040\000c\000\371\000n\000g\000\040\000t\000r\000\352\000n\000\040\000T\000E\000S\000T}{section.5}% 31
\BOOKMARK [1][-]{section.6}{\376\377\000C\000O\000N\000T\000R\000O\000L\000L\000E\000D\000\040\000A\000B\000L\000A\000T\000I\000O\000N\000\040\000V\000\300\000\040\000P\000H\000\302\000N\000\040\000T\000\315\000C\000H\000\040\000H\000\300\000N\000H\000\040\000V\000I}{}% 32
\BOOKMARK [2][-]{subsection.6.1}{\376\377\000R\000E\000A\000L\000\137\000C\000O\000N\000T\000E\000X\000T\000\040\000v\000\340\000\040\000Z\000E\000R\000O\000\137\000C\000O\000N\000T\000E\000X\000T}{section.6}% 33
\BOOKMARK [2][-]{subsection.6.2}{\376\377\000K\000i\036\303\000m\000\040\000s\000o\000\341\000t\000\040\000t\000\355\000n\000h\000\040\000t\000o\000\340\000n\000\040\000v\036\271\000n\000\040\000b\036\261\000n\000g\000\040\000n\000g\036\357\000\040\000c\036\243\000n\000h\000\040\000r\036\327\000n\000g}{section.6}% 34
\BOOKMARK [2][-]{subsection.6.3}{\376\377\000K\036\277\000t\000\040\000q\000u\036\243\000\040\000a\000b\000l\000a\000t\000i\000o\000n\000\040\000t\036\325\000n\000g\000\040\000h\036\343\000p}{section.6}% 35
\BOOKMARK [2][-]{subsection.6.4}{\376\377\000S\000i\000m\000s\000\040\0000\000.\0006\0000}{section.6}% 36
\BOOKMARK [2][-]{subsection.6.5}{\376\377\000E\000v\000e\000n\000t\000\040\0001\0003\0001\000\040\040\023\000\040\000p\000h\000\342\000n\000\040\000k\036\363\000\040\000t\000r\036\361\000c\000\040\000t\000i\036\277\000p}{section.6}% 37
\BOOKMARK [2][-]{subsection.6.6}{\376\377\000E\000v\000e\000n\000t\000\040\0001\0003\0002\000\040\040\023\000\040\000h\000i\036\307\000u\000\040\036\351\000n\000g\000\040\000d\000\342\000y\000\040\000c\000h\000u\000y\036\301\000n}{section.6}% 38
\BOOKMARK [2][-]{subsection.6.7}{\376\377\000D\000i\036\305\000n\000\040\000g\000i\036\243\000i\000\040\000c\001\241\000\040\000c\000h\036\277}{section.6}% 39
\BOOKMARK [1][-]{section.7}{\376\377\000H\036\306\000\040\000T\000H\036\320\000N\000G\000\040\000T\000R\036\360\000C\000\040\000Q\000U\000A\000N\000\040\000H\000\323\000A\000\040\000V\000\300\000\040\000D\000E\000M\000O}{}% 40
\BOOKMARK [2][-]{subsection.7.1}{\376\377\000M\036\345\000c\000\040\000t\000i\000\352\000u}{section.7}% 41
\BOOKMARK [2][-]{subsection.7.2}{\376\377\000T\000h\000\340\000n\000h\000\040\000p\000h\036\247\000n\000\040\000q\000u\000a\000n\000\040\000s\000\341\000t}{section.7}% 42
\BOOKMARK [2][-]{subsection.7.3}{\376\377\000R\000e\000p\000l\000a\000y\000\040\000c\000o\000n\000t\000r\000o\000l\000l\000e\000d\000\040\000d\000i\000v\000e\000r\000g\000e\000n\000c\000e}{section.7}% 43
\BOOKMARK [1][-]{section.8}{\376\377\000T\000H\036\242\000O\000\040\000L\000U\036\254\000N\000,\000\040\000H\036\240\000N\000\040\000C\000H\036\276\000\040\000V\000\300\000\040\000H\001\257\036\332\000N\000G\000\040\000P\000H\000\301\000T\000\040\000T\000R\000I\036\302\000N}{}% 44
\BOOKMARK [2][-]{subsection.8.1}{\376\377\000T\000r\036\243\000\040\000l\036\335\000i\000\040\000c\000\341\000c\000\040\000c\000\342\000u\000\040\000h\036\317\000i\000\040\000n\000g\000h\000i\000\352\000n\000\040\000c\036\351\000u}{section.8}% 45
\BOOKMARK [2][-]{subsection.8.2}{\376\377\000P\000h\036\241\000m\000\040\000v\000i\000\040\000c\036\347\000a\000\040\000b\036\261\000n\000g\000\040\000c\000h\036\351\000n\000g}{section.8}% 46
\BOOKMARK [2][-]{subsection.8.3}{\376\377\000H\036\241\000n\000\040\000c\000h\036\277}{section.8}% 47
\BOOKMARK [2][-]{subsection.8.4}{\376\377\000H\001\260\036\333\000n\000g\000\040\000p\000h\000\341\000t\000\040\000t\000r\000i\036\303\000n}{section.8}% 48
\BOOKMARK [1][-]{section.9}{\376\377\000K\036\276\000T\000\040\000L\000U\036\254\000N}{}% 49
\BOOKMARK [1][-]{section*.15}{\376\377\000T\000\300\000I\000\040\000L\000I\036\306\000U\000\040\000T\000H\000A\000M\000\040\000K\000H\036\242\000O}{}% 50
\BOOKMARK [1][-]{appendix.A}{\376\377\000C\000\301\000C\000\040\001\020\036\266\000C\000\040\000T\000R\001\257\000N\000G\000\040\000S\036\320\000\040\000C\036\346\000A\000\040\000P\000O\000L\000I\000C\000Y}{}% 51
\BOOKMARK [1][-]{appendix.B}{\376\377\000T\000H\000\324\000N\000G\000\040\000T\000I\000N\000\040\000M\000\324\000\040\000H\000\314\000N\000H\000\040\000V\000\300\000\040\000C\000H\000E\000C\000K\000P\000O\000I\000N\000T}{}% 52
\BOOKMARK [1][-]{appendix.C}{\376\377\000C\036\244\000U\000\040\000T\000R\000\332\000C\000\040\000T\000R\000A\000C\000E}{}% 53
